2025-12-25 01:50:36 [restartedMain] INFO  c.h.HomiFyBackendApplication - Starting HomiFyBackendApplication using Java 21.0.8 with PID 96368 (/Users/macbookpro/HomiFy-be/target/classes started by macbookpro in /Users/macbookpro/HomiFy-be)
2025-12-25 01:50:36 [restartedMain] DEBUG c.h.HomiFyBackendApplication - Running with Spring Boot v3.2.0, Spring v6.1.1
2025-12-25 01:50:36 [restartedMain] INFO  c.h.HomiFyBackendApplication - The following 1 profile is active: "dev"
2025-12-25 01:50:36 [restartedMain] INFO  o.s.b.d.e.DevToolsPropertyDefaultsPostProcessor - Devtools property defaults active! Set 'spring.devtools.add-properties' to 'false' to disable
2025-12-25 01:50:36 [restartedMain] INFO  o.s.b.d.e.DevToolsPropertyDefaultsPostProcessor - For additional web related logging consider setting the 'logging.level.web' property to 'DEBUG'
2025-12-25 01:50:36 [restartedMain] INFO  o.s.d.r.c.RepositoryConfigurationDelegate - Bootstrapping Spring Data JPA repositories in DEFAULT mode.
2025-12-25 01:50:36 [restartedMain] INFO  o.s.d.r.c.RepositoryConfigurationDelegate - Finished Spring Data repository scanning in 21 ms. Found 3 JPA repository interfaces.
2025-12-25 01:50:37 [restartedMain] INFO  o.s.b.w.e.tomcat.TomcatWebServer - Tomcat initialized with port 8080 (http)
2025-12-25 01:50:37 [restartedMain] INFO  o.a.catalina.core.StandardService - Starting service [Tomcat]
2025-12-25 01:50:37 [restartedMain] INFO  o.a.catalina.core.StandardEngine - Starting Servlet engine: [Apache Tomcat/10.1.16]
2025-12-25 01:50:37 [restartedMain] INFO  o.a.c.c.C.[Tomcat].[localhost].[/] - Initializing Spring embedded WebApplicationContext
2025-12-25 01:50:37 [restartedMain] INFO  o.s.b.w.s.c.ServletWebServerApplicationContext - Root WebApplicationContext: initialization completed in 813 ms
2025-12-25 01:50:37 [restartedMain] INFO  o.h.jpa.internal.util.LogHelper - HHH000204: Processing PersistenceUnitInfo [name: default]
2025-12-25 01:50:37 [restartedMain] INFO  org.hibernate.Version - HHH000412: Hibernate ORM core version 6.3.1.Final
2025-12-25 01:50:37 [restartedMain] INFO  o.h.c.i.RegionFactoryInitiator - HHH000026: Second-level cache disabled
2025-12-25 01:50:37 [restartedMain] INFO  o.s.o.j.p.SpringPersistenceUnitInfo - No LoadTimeWeaver setup: ignoring JPA class transformer
2025-12-25 01:50:37 [restartedMain] INFO  com.zaxxer.hikari.HikariDataSource - HikariPool-1 - Starting...
2025-12-25 01:50:37 [restartedMain] INFO  com.zaxxer.hikari.pool.HikariPool - HikariPool-1 - Added connection org.postgresql.jdbc.PgConnection@6f640a7a
2025-12-25 01:50:37 [restartedMain] INFO  com.zaxxer.hikari.HikariDataSource - HikariPool-1 - Start completed.
2025-12-25 01:50:37 [restartedMain] WARN  org.hibernate.orm.deprecation - HHH90000025: PostgreSQLDialect does not need to be specified explicitly using 'hibernate.dialect' (remove the property setting and it will be selected by default)
2025-12-25 01:50:37 [restartedMain] INFO  o.h.e.t.j.p.i.JtaPlatformInitiator - HHH000489: No JTA platform available (set 'hibernate.transaction.jta.platform' to enable JTA platform integration)
2025-12-25 01:50:37 [restartedMain] INFO  o.s.o.j.LocalContainerEntityManagerFactoryBean - Initialized JPA EntityManagerFactory for persistence unit 'default'
2025-12-25 01:50:38 [restartedMain] INFO  o.s.d.j.r.query.QueryEnhancerFactory - Hibernate is in classpath; If applicable, HQL parser will be used.
2025-12-25 01:50:38 [restartedMain] WARN  o.s.b.a.o.j.JpaBaseConfiguration$JpaWebConfiguration - spring.jpa.open-in-view is enabled by default. Therefore, database queries may be performed during view rendering. Explicitly configure spring.jpa.open-in-view to disable this warning
2025-12-25 01:50:38 [restartedMain] INFO  o.s.b.d.a.OptionalLiveReloadServer - LiveReload server is running on port 35729
2025-12-25 01:50:38 [restartedMain] INFO  o.s.b.a.e.web.EndpointLinksResolver - Exposing 3 endpoint(s) beneath base path '/actuator'
2025-12-25 01:50:38 [restartedMain] INFO  o.s.b.w.e.tomcat.TomcatWebServer - Tomcat started on port 8080 (http) with context path ''
2025-12-25 01:50:38 [restartedMain] INFO  c.h.HomiFyBackendApplication - Started HomiFyBackendApplication in 2.854 seconds (process running for 3.041)
2025-12-25 01:51:44 [http-nio-8080-exec-1] INFO  o.a.c.c.C.[Tomcat].[localhost].[/] - Initializing Spring DispatcherServlet 'dispatcherServlet'
2025-12-25 01:51:44 [http-nio-8080-exec-1] INFO  o.s.web.servlet.DispatcherServlet - Initializing Servlet 'dispatcherServlet'
2025-12-25 01:51:44 [http-nio-8080-exec-1] INFO  o.s.web.servlet.DispatcherServlet - Completed initialization in 3 ms
2025-12-25 01:51:44 [http-nio-8080-exec-2] DEBUG org.hibernate.SQL - 
    SELECT
        a.user_id,
        a.license_id,
        a.bio,
        a.rate,
        u.full_name,
        u.phone_number,
        u.avatar_url,
        u.gender,
        acc.email,
        addr.street,
        addr.city,
        addr.province,
        addr.zip_code,
        addr.nation,
        (SELECT
            COUNT(*) 
        FROM
            agent_reviews ar 
        WHERE
            ar.agent_id = a.user_id) as review_count,
        (SELECT
            COUNT(*) 
        FROM
            sale_listings sl 
        WHERE
            sl.agent_id = a.user_id) as sale_listings_count,
        (SELECT
            COUNT(*) 
        FROM
            rental_listings rl 
        WHERE
            rl.agent_id = a.user_id) as rental_listings_count,
        a.specialties     
    FROM
        agents a     
    LEFT JOIN
        users u 
            ON a.user_id = u.user_id     
    LEFT JOIN
        accounts acc 
            ON u.user_id = acc.user_id     
    LEFT JOIN
        addresses addr 
            ON u.address_id = addr.address_id     
    ORDER BY
        a.rate DESC NULLS LAST 
2025-12-25 01:51:44 [http-nio-8080-exec-2] WARN  o.h.e.jdbc.spi.SqlExceptionHelper - SQL Error: 0, SQLState: 42703
2025-12-25 01:51:44 [http-nio-8080-exec-2] ERROR o.h.e.jdbc.spi.SqlExceptionHelper - ERROR: column rl.agent_id does not exist
  Position: 547
2025-12-25 01:51:54 [http-nio-8080-exec-3] DEBUG org.hibernate.SQL - 
    SELECT
        a.user_id,
        a.license_id,
        a.bio,
        a.rate,
        u.full_name,
        u.phone_number,
        u.avatar_url,
        u.gender,
        acc.email,
        addr.street,
        addr.city,
        addr.province,
        addr.zip_code,
        addr.nation,
        (SELECT
            COUNT(*) 
        FROM
            agent_reviews ar 
        WHERE
            ar.agent_id = a.user_id) as review_count,
        (SELECT
            COUNT(*) 
        FROM
            sale_listings sl 
        WHERE
            sl.agent_id = a.user_id) as sale_listings_count,
        (SELECT
            COUNT(*) 
        FROM
            rental_listings rl 
        WHERE
            rl.agent_id = a.user_id) as rental_listings_count,
        a.specialties     
    FROM
        agents a     
    LEFT JOIN
        users u 
            ON a.user_id = u.user_id     
    LEFT JOIN
        accounts acc 
            ON u.user_id = acc.user_id     
    LEFT JOIN
        addresses addr 
            ON u.address_id = addr.address_id     
    ORDER BY
        a.rate DESC NULLS LAST 
2025-12-25 01:51:54 [http-nio-8080-exec-3] WARN  o.h.e.jdbc.spi.SqlExceptionHelper - SQL Error: 0, SQLState: 42703
2025-12-25 01:51:54 [http-nio-8080-exec-3] ERROR o.h.e.jdbc.spi.SqlExceptionHelper - ERROR: column rl.agent_id does not exist
  Position: 547
2025-12-25 01:51:57 [http-nio-8080-exec-4] DEBUG org.hibernate.SQL - 
    SELECT
        a.user_id,
        a.license_id,
        a.bio,
        a.rate,
        u.full_name,
        u.phone_number,
        u.avatar_url,
        u.gender,
        acc.email,
        addr.street,
        addr.city,
        addr.province,
        addr.zip_code,
        addr.nation,
        (SELECT
            COUNT(*) 
        FROM
            agent_reviews ar 
        WHERE
            ar.agent_id = a.user_id) as review_count,
        (SELECT
            COUNT(*) 
        FROM
            sale_listings sl 
        WHERE
            sl.agent_id = a.user_id) as sale_listings_count,
        (SELECT
            COUNT(*) 
        FROM
            rental_listings rl 
        WHERE
            rl.agent_id = a.user_id) as rental_listings_count,
        a.specialties     
    FROM
        agents a     
    LEFT JOIN
        users u 
            ON a.user_id = u.user_id     
    LEFT JOIN
        accounts acc 
            ON u.user_id = acc.user_id     
    LEFT JOIN
        addresses addr 
            ON u.address_id = addr.address_id     
    ORDER BY
        a.rate DESC NULLS LAST 
2025-12-25 01:51:57 [http-nio-8080-exec-4] WARN  o.h.e.jdbc.spi.SqlExceptionHelper - SQL Error: 0, SQLState: 42703
2025-12-25 01:51:57 [http-nio-8080-exec-4] ERROR o.h.e.jdbc.spi.SqlExceptionHelper - ERROR: column rl.agent_id does not exist
  Position: 547
2025-12-25 01:52:04 [http-nio-8080-exec-6] DEBUG org.hibernate.SQL - 
    SELECT
        a.user_id,
        a.license_id,
        a.bio,
        a.rate,
        u.full_name,
        u.phone_number,
        u.avatar_url,
        u.gender,
        acc.email,
        addr.street,
        addr.city,
        addr.province,
        addr.zip_code,
        addr.nation,
        (SELECT
            COUNT(*) 
        FROM
            agent_reviews ar 
        WHERE
            ar.agent_id = a.user_id) as review_count,
        (SELECT
            COUNT(*) 
        FROM
            sale_listings sl 
        WHERE
            sl.agent_id = a.user_id) as sale_listings_count,
        (SELECT
            COUNT(*) 
        FROM
            rental_listings rl 
        WHERE
            rl.agent_id = a.user_id) as rental_listings_count,
        a.specialties     
    FROM
        agents a     
    LEFT JOIN
        users u 
            ON a.user_id = u.user_id     
    LEFT JOIN
        accounts acc 
            ON u.user_id = acc.user_id     
    LEFT JOIN
        addresses addr 
            ON u.address_id = addr.address_id     
    ORDER BY
        a.rate DESC NULLS LAST 
2025-12-25 01:52:04 [http-nio-8080-exec-6] WARN  o.h.e.jdbc.spi.SqlExceptionHelper - SQL Error: 0, SQLState: 42703
2025-12-25 01:52:04 [http-nio-8080-exec-6] ERROR o.h.e.jdbc.spi.SqlExceptionHelper - ERROR: column rl.agent_id does not exist
  Position: 547
2025-12-25 01:52:06 [http-nio-8080-exec-8] DEBUG org.hibernate.SQL - 
    SELECT
        a.user_id,
        a.license_id,
        a.bio,
        a.rate,
        u.full_name,
        u.phone_number,
        u.avatar_url,
        u.gender,
        acc.email,
        addr.street,
        addr.city,
        addr.province,
        addr.zip_code,
        addr.nation,
        (SELECT
            COUNT(*) 
        FROM
            agent_reviews ar 
        WHERE
            ar.agent_id = a.user_id) as review_count,
        (SELECT
            COUNT(*) 
        FROM
            sale_listings sl 
        WHERE
            sl.agent_id = a.user_id) as sale_listings_count,
        (SELECT
            COUNT(*) 
        FROM
            rental_listings rl 
        WHERE
            rl.agent_id = a.user_id) as rental_listings_count,
        a.specialties     
    FROM
        agents a     
    LEFT JOIN
        users u 
            ON a.user_id = u.user_id     
    LEFT JOIN
        accounts acc 
            ON u.user_id = acc.user_id     
    LEFT JOIN
        addresses addr 
            ON u.address_id = addr.address_id     
    ORDER BY
        a.rate DESC NULLS LAST 
2025-12-25 01:52:06 [http-nio-8080-exec-8] WARN  o.h.e.jdbc.spi.SqlExceptionHelper - SQL Error: 0, SQLState: 42703
2025-12-25 01:52:06 [http-nio-8080-exec-8] ERROR o.h.e.jdbc.spi.SqlExceptionHelper - ERROR: column rl.agent_id does not exist
  Position: 547
2025-12-25 01:52:08 [http-nio-8080-exec-10] DEBUG org.hibernate.SQL - 
    SELECT
        a.user_id,
        a.license_id,
        a.bio,
        a.rate,
        u.full_name,
        u.phone_number,
        u.avatar_url,
        u.gender,
        acc.email,
        addr.street,
        addr.city,
        addr.province,
        addr.zip_code,
        addr.nation,
        (SELECT
            COUNT(*) 
        FROM
            agent_reviews ar 
        WHERE
            ar.agent_id = a.user_id) as review_count,
        (SELECT
            COUNT(*) 
        FROM
            sale_listings sl 
        WHERE
            sl.agent_id = a.user_id) as sale_listings_count,
        (SELECT
            COUNT(*) 
        FROM
            rental_listings rl 
        WHERE
            rl.agent_id = a.user_id) as rental_listings_count,
        a.specialties     
    FROM
        agents a     
    LEFT JOIN
        users u 
            ON a.user_id = u.user_id     
    LEFT JOIN
        accounts acc 
            ON u.user_id = acc.user_id     
    LEFT JOIN
        addresses addr 
            ON u.address_id = addr.address_id     
    ORDER BY
        a.rate DESC NULLS LAST 
2025-12-25 01:52:08 [http-nio-8080-exec-10] WARN  o.h.e.jdbc.spi.SqlExceptionHelper - SQL Error: 0, SQLState: 42703
2025-12-25 01:52:08 [http-nio-8080-exec-10] ERROR o.h.e.jdbc.spi.SqlExceptionHelper - ERROR: column rl.agent_id does not exist
  Position: 547
2025-12-25 01:52:15 [http-nio-8080-exec-1] DEBUG org.hibernate.SQL - 
    SELECT
        a.user_id,
        a.license_id,
        a.bio,
        a.rate,
        u.full_name,
        u.phone_number,
        u.avatar_url,
        u.gender,
        acc.email,
        addr.street,
        addr.city,
        addr.province,
        addr.zip_code,
        addr.nation,
        (SELECT
            COUNT(*) 
        FROM
            agent_reviews ar 
        WHERE
            ar.agent_id = a.user_id) as review_count,
        (SELECT
            COUNT(*) 
        FROM
            sale_listings sl 
        WHERE
            sl.agent_id = a.user_id) as sale_listings_count,
        (SELECT
            COUNT(*) 
        FROM
            rental_listings rl 
        WHERE
            rl.agent_id = a.user_id) as rental_listings_count,
        a.specialties     
    FROM
        agents a     
    LEFT JOIN
        users u 
            ON a.user_id = u.user_id     
    LEFT JOIN
        accounts acc 
            ON u.user_id = acc.user_id     
    LEFT JOIN
        addresses addr 
            ON u.address_id = addr.address_id     
    ORDER BY
        a.rate DESC NULLS LAST 
2025-12-25 01:52:15 [http-nio-8080-exec-1] WARN  o.h.e.jdbc.spi.SqlExceptionHelper - SQL Error: 0, SQLState: 42703
2025-12-25 01:52:15 [http-nio-8080-exec-1] ERROR o.h.e.jdbc.spi.SqlExceptionHelper - ERROR: column rl.agent_id does not exist
  Position: 547
2025-12-25 01:52:16 [http-nio-8080-exec-2] DEBUG org.hibernate.SQL - 
    SELECT
        a.user_id,
        a.license_id,
        a.bio,
        a.rate,
        u.full_name,
        u.phone_number,
        u.avatar_url,
        u.gender,
        acc.email,
        addr.street,
        addr.city,
        addr.province,
        addr.zip_code,
        addr.nation,
        (SELECT
            COUNT(*) 
        FROM
            agent_reviews ar 
        WHERE
            ar.agent_id = a.user_id) as review_count,
        (SELECT
            COUNT(*) 
        FROM
            sale_listings sl 
        WHERE
            sl.agent_id = a.user_id) as sale_listings_count,
        (SELECT
            COUNT(*) 
        FROM
            rental_listings rl 
        WHERE
            rl.agent_id = a.user_id) as rental_listings_count,
        a.specialties     
    FROM
        agents a     
    LEFT JOIN
        users u 
            ON a.user_id = u.user_id     
    LEFT JOIN
        accounts acc 
            ON u.user_id = acc.user_id     
    LEFT JOIN
        addresses addr 
            ON u.address_id = addr.address_id     
    ORDER BY
        a.rate DESC NULLS LAST 
2025-12-25 01:52:16 [http-nio-8080-exec-2] WARN  o.h.e.jdbc.spi.SqlExceptionHelper - SQL Error: 0, SQLState: 42703
2025-12-25 01:52:16 [http-nio-8080-exec-2] ERROR o.h.e.jdbc.spi.SqlExceptionHelper - ERROR: column rl.agent_id does not exist
  Position: 547
2025-12-25 01:52:20 [http-nio-8080-exec-3] DEBUG org.hibernate.SQL - 
    SELECT
        a.user_id,
        a.license_id,
        a.bio,
        a.rate,
        u.full_name,
        u.phone_number,
        u.avatar_url,
        u.gender,
        acc.email,
        addr.street,
        addr.city,
        addr.province,
        addr.zip_code,
        addr.nation,
        (SELECT
            COUNT(*) 
        FROM
            agent_reviews ar 
        WHERE
            ar.agent_id = a.user_id) as review_count,
        (SELECT
            COUNT(*) 
        FROM
            sale_listings sl 
        WHERE
            sl.agent_id = a.user_id) as sale_listings_count,
        (SELECT
            COUNT(*) 
        FROM
            rental_listings rl 
        WHERE
            rl.agent_id = a.user_id) as rental_listings_count,
        a.specialties     
    FROM
        agents a     
    LEFT JOIN
        users u 
            ON a.user_id = u.user_id     
    LEFT JOIN
        accounts acc 
            ON u.user_id = acc.user_id     
    LEFT JOIN
        addresses addr 
            ON u.address_id = addr.address_id     
    ORDER BY
        a.rate DESC NULLS LAST 
2025-12-25 01:52:20 [http-nio-8080-exec-3] WARN  o.h.e.jdbc.spi.SqlExceptionHelper - SQL Error: 0, SQLState: 42703
2025-12-25 01:52:20 [http-nio-8080-exec-3] ERROR o.h.e.jdbc.spi.SqlExceptionHelper - ERROR: column rl.agent_id does not exist
  Position: 547
2025-12-25 01:52:21 [http-nio-8080-exec-5] ERROR c.h.exception.GlobalExceptionHandler - Runtime exception: Failed to convert value of type 'java.lang.String' to required type 'java.lang.Long'; For input string: "agent-001"
org.springframework.web.method.annotation.MethodArgumentTypeMismatchException: Failed to convert value of type 'java.lang.String' to required type 'java.lang.Long'; For input string: "agent-001"
	at org.springframework.web.method.annotation.AbstractNamedValueMethodArgumentResolver.convertIfNecessary(AbstractNamedValueMethodArgumentResolver.java:292)
	at org.springframework.web.method.annotation.AbstractNamedValueMethodArgumentResolver.resolveArgument(AbstractNamedValueMethodArgumentResolver.java:135)
	at org.springframework.web.method.support.HandlerMethodArgumentResolverComposite.resolveArgument(HandlerMethodArgumentResolverComposite.java:122)
	at org.springframework.web.method.support.InvocableHandlerMethod.getMethodArgumentValues(InvocableHandlerMethod.java:218)
	at org.springframework.web.method.support.InvocableHandlerMethod.invokeForRequest(InvocableHandlerMethod.java:171)
	at org.springframework.web.servlet.mvc.method.annotation.ServletInvocableHandlerMethod.invokeAndHandle(ServletInvocableHandlerMethod.java:118)
	at org.springframework.web.servlet.mvc.method.annotation.RequestMappingHandlerAdapter.invokeHandlerMethod(RequestMappingHandlerAdapter.java:917)
	at org.springframework.web.servlet.mvc.method.annotation.RequestMappingHandlerAdapter.handleInternal(RequestMappingHandlerAdapter.java:829)
	at org.springframework.web.servlet.mvc.method.AbstractHandlerMethodAdapter.handle(AbstractHandlerMethodAdapter.java:87)
	at org.springframework.web.servlet.DispatcherServlet.doDispatch(DispatcherServlet.java:1089)
	at org.springframework.web.servlet.DispatcherServlet.doService(DispatcherServlet.java:979)
	at org.springframework.web.servlet.FrameworkServlet.processRequest(FrameworkServlet.java:1014)
	at org.springframework.web.servlet.FrameworkServlet.doGet(FrameworkServlet.java:903)
	at jakarta.servlet.http.HttpServlet.service(HttpServlet.java:564)
	at org.springframework.web.servlet.FrameworkServlet.service(FrameworkServlet.java:885)
	at jakarta.servlet.http.HttpServlet.service(HttpServlet.java:658)
	at org.apache.catalina.core.ApplicationFilterChain.internalDoFilter(ApplicationFilterChain.java:205)
	at org.apache.catalina.core.ApplicationFilterChain.doFilter(ApplicationFilterChain.java:149)
	at org.apache.tomcat.websocket.server.WsFilter.doFilter(WsFilter.java:51)
	at org.apache.catalina.core.ApplicationFilterChain.internalDoFilter(ApplicationFilterChain.java:174)
	at org.apache.catalina.core.ApplicationFilterChain.doFilter(ApplicationFilterChain.java:149)
	at org.springframework.web.filter.RequestContextFilter.doFilterInternal(RequestContextFilter.java:100)
	at org.springframework.web.filter.OncePerRequestFilter.doFilter(OncePerRequestFilter.java:116)
	at org.apache.catalina.core.ApplicationFilterChain.internalDoFilter(ApplicationFilterChain.java:174)
	at org.apache.catalina.core.ApplicationFilterChain.doFilter(ApplicationFilterChain.java:149)
	at org.springframework.web.filter.FormContentFilter.doFilterInternal(FormContentFilter.java:93)
	at org.springframework.web.filter.OncePerRequestFilter.doFilter(OncePerRequestFilter.java:116)
	at org.apache.catalina.core.ApplicationFilterChain.internalDoFilter(ApplicationFilterChain.java:174)
	at org.apache.catalina.core.ApplicationFilterChain.doFilter(ApplicationFilterChain.java:149)
	at org.springframework.web.filter.ServerHttpObservationFilter.doFilterInternal(ServerHttpObservationFilter.java:109)
	at org.springframework.web.filter.OncePerRequestFilter.doFilter(OncePerRequestFilter.java:116)
	at org.apache.catalina.core.ApplicationFilterChain.internalDoFilter(ApplicationFilterChain.java:174)
	at org.apache.catalina.core.ApplicationFilterChain.doFilter(ApplicationFilterChain.java:149)
	at org.springframework.web.filter.CharacterEncodingFilter.doFilterInternal(CharacterEncodingFilter.java:201)
	at org.springframework.web.filter.OncePerRequestFilter.doFilter(OncePerRequestFilter.java:116)
	at org.apache.catalina.core.ApplicationFilterChain.internalDoFilter(ApplicationFilterChain.java:174)
	at org.apache.catalina.core.ApplicationFilterChain.doFilter(ApplicationFilterChain.java:149)
	at org.apache.catalina.core.StandardWrapperValve.invoke(StandardWrapperValve.java:167)
	at org.apache.catalina.core.StandardContextValve.invoke(StandardContextValve.java:90)
	at org.apache.catalina.authenticator.AuthenticatorBase.invoke(AuthenticatorBase.java:482)
	at org.apache.catalina.core.StandardHostValve.invoke(StandardHostValve.java:115)
	at org.apache.catalina.valves.ErrorReportValve.invoke(ErrorReportValve.java:93)
	at org.apache.catalina.core.StandardEngineValve.invoke(StandardEngineValve.java:74)
	at org.apache.catalina.connector.CoyoteAdapter.service(CoyoteAdapter.java:340)
	at org.apache.coyote.http11.Http11Processor.service(Http11Processor.java:391)
	at org.apache.coyote.AbstractProcessorLight.process(AbstractProcessorLight.java:63)
	at org.apache.coyote.AbstractProtocol$ConnectionHandler.process(AbstractProtocol.java:896)
	at org.apache.tomcat.util.net.NioEndpoint$SocketProcessor.doRun(NioEndpoint.java:1744)
	at org.apache.tomcat.util.net.SocketProcessorBase.run(SocketProcessorBase.java:52)
	at org.apache.tomcat.util.threads.ThreadPoolExecutor.runWorker(ThreadPoolExecutor.java:1191)
	at org.apache.tomcat.util.threads.ThreadPoolExecutor$Worker.run(ThreadPoolExecutor.java:659)
	at org.apache.tomcat.util.threads.TaskThread$WrappingRunnable.run(TaskThread.java:61)
	at java.base/java.lang.Thread.run(Thread.java:1583)
Caused by: java.lang.NumberFormatException: For input string: "agent-001"
	at java.base/java.lang.NumberFormatException.forInputString(NumberFormatException.java:67)
	at java.base/java.lang.Long.parseLong(Long.java:709)
	at java.base/java.lang.Long.valueOf(Long.java:1157)
	at org.springframework.util.NumberUtils.parseNumber(NumberUtils.java:206)
	at org.springframework.beans.propertyeditors.CustomNumberEditor.setAsText(CustomNumberEditor.java:115)
	at org.springframework.beans.TypeConverterDelegate.doConvertTextValue(TypeConverterDelegate.java:438)
	at org.springframework.beans.TypeConverterDelegate.doConvertValue(TypeConverterDelegate.java:411)
	at org.springframework.beans.TypeConverterDelegate.convertIfNecessary(TypeConverterDelegate.java:160)
	at org.springframework.beans.TypeConverterSupport.convertIfNecessary(TypeConverterSupport.java:80)
	at org.springframework.beans.TypeConverterSupport.convertIfNecessary(TypeConverterSupport.java:53)
	at org.springframework.validation.DataBinder.convertIfNecessary(DataBinder.java:860)
	at org.springframework.web.method.annotation.AbstractNamedValueMethodArgumentResolver.convertIfNecessary(AbstractNamedValueMethodArgumentResolver.java:284)
	... 52 common frames omitted
2025-12-25 01:52:21 [http-nio-8080-exec-5] WARN  o.s.w.s.m.m.a.ExceptionHandlerExceptionResolver - Resolved [org.springframework.web.method.annotation.MethodArgumentTypeMismatchException: Failed to convert value of type 'java.lang.String' to required type 'java.lang.Long'; For input string: "agent-001"]
2025-12-25 01:52:22 [http-nio-8080-exec-6] DEBUG org.hibernate.SQL - 
    SELECT
        a.user_id,
        a.license_id,
        a.bio,
        a.rate,
        u.full_name,
        u.phone_number,
        u.avatar_url,
        u.gender,
        acc.email,
        addr.street,
        addr.city,
        addr.province,
        addr.zip_code,
        addr.nation,
        (SELECT
            COUNT(*) 
        FROM
            agent_reviews ar 
        WHERE
            ar.agent_id = a.user_id) as review_count,
        (SELECT
            COUNT(*) 
        FROM
            sale_listings sl 
        WHERE
            sl.agent_id = a.user_id) as sale_listings_count,
        (SELECT
            COUNT(*) 
        FROM
            rental_listings rl 
        WHERE
            rl.agent_id = a.user_id) as rental_listings_count,
        a.specialties     
    FROM
        agents a     
    LEFT JOIN
        users u 
            ON a.user_id = u.user_id     
    LEFT JOIN
        accounts acc 
            ON u.user_id = acc.user_id     
    LEFT JOIN
        addresses addr 
            ON u.address_id = addr.address_id     
    ORDER BY
        a.rate DESC NULLS LAST 
2025-12-25 01:52:22 [http-nio-8080-exec-6] WARN  o.h.e.jdbc.spi.SqlExceptionHelper - SQL Error: 0, SQLState: 42703
2025-12-25 01:52:22 [http-nio-8080-exec-6] ERROR o.h.e.jdbc.spi.SqlExceptionHelper - ERROR: column rl.agent_id does not exist
  Position: 547
2025-12-25 01:52:24 [http-nio-8080-exec-7] ERROR c.h.exception.GlobalExceptionHandler - Runtime exception: Failed to convert value of type 'java.lang.String' to required type 'java.lang.Long'; For input string: "agent-001"
org.springframework.web.method.annotation.MethodArgumentTypeMismatchException: Failed to convert value of type 'java.lang.String' to required type 'java.lang.Long'; For input string: "agent-001"
	at org.springframework.web.method.annotation.AbstractNamedValueMethodArgumentResolver.convertIfNecessary(AbstractNamedValueMethodArgumentResolver.java:292)
	at org.springframework.web.method.annotation.AbstractNamedValueMethodArgumentResolver.resolveArgument(AbstractNamedValueMethodArgumentResolver.java:135)
	at org.springframework.web.method.support.HandlerMethodArgumentResolverComposite.resolveArgument(HandlerMethodArgumentResolverComposite.java:122)
	at org.springframework.web.method.support.InvocableHandlerMethod.getMethodArgumentValues(InvocableHandlerMethod.java:218)
	at org.springframework.web.method.support.InvocableHandlerMethod.invokeForRequest(InvocableHandlerMethod.java:171)
	at org.springframework.web.servlet.mvc.method.annotation.ServletInvocableHandlerMethod.invokeAndHandle(ServletInvocableHandlerMethod.java:118)
	at org.springframework.web.servlet.mvc.method.annotation.RequestMappingHandlerAdapter.invokeHandlerMethod(RequestMappingHandlerAdapter.java:917)
	at org.springframework.web.servlet.mvc.method.annotation.RequestMappingHandlerAdapter.handleInternal(RequestMappingHandlerAdapter.java:829)
	at org.springframework.web.servlet.mvc.method.AbstractHandlerMethodAdapter.handle(AbstractHandlerMethodAdapter.java:87)
	at org.springframework.web.servlet.DispatcherServlet.doDispatch(DispatcherServlet.java:1089)
	at org.springframework.web.servlet.DispatcherServlet.doService(DispatcherServlet.java:979)
	at org.springframework.web.servlet.FrameworkServlet.processRequest(FrameworkServlet.java:1014)
	at org.springframework.web.servlet.FrameworkServlet.doGet(FrameworkServlet.java:903)
	at jakarta.servlet.http.HttpServlet.service(HttpServlet.java:564)
	at org.springframework.web.servlet.FrameworkServlet.service(FrameworkServlet.java:885)
	at jakarta.servlet.http.HttpServlet.service(HttpServlet.java:658)
	at org.apache.catalina.core.ApplicationFilterChain.internalDoFilter(ApplicationFilterChain.java:205)
	at org.apache.catalina.core.ApplicationFilterChain.doFilter(ApplicationFilterChain.java:149)
	at org.apache.tomcat.websocket.server.WsFilter.doFilter(WsFilter.java:51)
	at org.apache.catalina.core.ApplicationFilterChain.internalDoFilter(ApplicationFilterChain.java:174)
	at org.apache.catalina.core.ApplicationFilterChain.doFilter(ApplicationFilterChain.java:149)
	at org.springframework.web.filter.RequestContextFilter.doFilterInternal(RequestContextFilter.java:100)
	at org.springframework.web.filter.OncePerRequestFilter.doFilter(OncePerRequestFilter.java:116)
	at org.apache.catalina.core.ApplicationFilterChain.internalDoFilter(ApplicationFilterChain.java:174)
	at org.apache.catalina.core.ApplicationFilterChain.doFilter(ApplicationFilterChain.java:149)
	at org.springframework.web.filter.FormContentFilter.doFilterInternal(FormContentFilter.java:93)
	at org.springframework.web.filter.OncePerRequestFilter.doFilter(OncePerRequestFilter.java:116)
	at org.apache.catalina.core.ApplicationFilterChain.internalDoFilter(ApplicationFilterChain.java:174)
	at org.apache.catalina.core.ApplicationFilterChain.doFilter(ApplicationFilterChain.java:149)
	at org.springframework.web.filter.ServerHttpObservationFilter.doFilterInternal(ServerHttpObservationFilter.java:109)
	at org.springframework.web.filter.OncePerRequestFilter.doFilter(OncePerRequestFilter.java:116)
	at org.apache.catalina.core.ApplicationFilterChain.internalDoFilter(ApplicationFilterChain.java:174)
	at org.apache.catalina.core.ApplicationFilterChain.doFilter(ApplicationFilterChain.java:149)
	at org.springframework.web.filter.CharacterEncodingFilter.doFilterInternal(CharacterEncodingFilter.java:201)
	at org.springframework.web.filter.OncePerRequestFilter.doFilter(OncePerRequestFilter.java:116)
	at org.apache.catalina.core.ApplicationFilterChain.internalDoFilter(ApplicationFilterChain.java:174)
	at org.apache.catalina.core.ApplicationFilterChain.doFilter(ApplicationFilterChain.java:149)
	at org.apache.catalina.core.StandardWrapperValve.invoke(StandardWrapperValve.java:167)
	at org.apache.catalina.core.StandardContextValve.invoke(StandardContextValve.java:90)
	at org.apache.catalina.authenticator.AuthenticatorBase.invoke(AuthenticatorBase.java:482)
	at org.apache.catalina.core.StandardHostValve.invoke(StandardHostValve.java:115)
	at org.apache.catalina.valves.ErrorReportValve.invoke(ErrorReportValve.java:93)
	at org.apache.catalina.core.StandardEngineValve.invoke(StandardEngineValve.java:74)
	at org.apache.catalina.connector.CoyoteAdapter.service(CoyoteAdapter.java:340)
	at org.apache.coyote.http11.Http11Processor.service(Http11Processor.java:391)
	at org.apache.coyote.AbstractProcessorLight.process(AbstractProcessorLight.java:63)
	at org.apache.coyote.AbstractProtocol$ConnectionHandler.process(AbstractProtocol.java:896)
	at org.apache.tomcat.util.net.NioEndpoint$SocketProcessor.doRun(NioEndpoint.java:1744)
	at org.apache.tomcat.util.net.SocketProcessorBase.run(SocketProcessorBase.java:52)
	at org.apache.tomcat.util.threads.ThreadPoolExecutor.runWorker(ThreadPoolExecutor.java:1191)
	at org.apache.tomcat.util.threads.ThreadPoolExecutor$Worker.run(ThreadPoolExecutor.java:659)
	at org.apache.tomcat.util.threads.TaskThread$WrappingRunnable.run(TaskThread.java:61)
	at java.base/java.lang.Thread.run(Thread.java:1583)
Caused by: java.lang.NumberFormatException: For input string: "agent-001"
	at java.base/java.lang.NumberFormatException.forInputString(NumberFormatException.java:67)
	at java.base/java.lang.Long.parseLong(Long.java:709)
	at java.base/java.lang.Long.valueOf(Long.java:1157)
	at org.springframework.util.NumberUtils.parseNumber(NumberUtils.java:206)
	at org.springframework.beans.propertyeditors.CustomNumberEditor.setAsText(CustomNumberEditor.java:115)
	at org.springframework.beans.TypeConverterDelegate.doConvertTextValue(TypeConverterDelegate.java:438)
	at org.springframework.beans.TypeConverterDelegate.doConvertValue(TypeConverterDelegate.java:411)
	at org.springframework.beans.TypeConverterDelegate.convertIfNecessary(TypeConverterDelegate.java:160)
	at org.springframework.beans.TypeConverterSupport.convertIfNecessary(TypeConverterSupport.java:80)
	at org.springframework.beans.TypeConverterSupport.convertIfNecessary(TypeConverterSupport.java:53)
	at org.springframework.validation.DataBinder.convertIfNecessary(DataBinder.java:860)
	at org.springframework.web.method.annotation.AbstractNamedValueMethodArgumentResolver.convertIfNecessary(AbstractNamedValueMethodArgumentResolver.java:284)
	... 52 common frames omitted
2025-12-25 01:52:24 [http-nio-8080-exec-7] WARN  o.s.w.s.m.m.a.ExceptionHandlerExceptionResolver - Resolved [org.springframework.web.method.annotation.MethodArgumentTypeMismatchException: Failed to convert value of type 'java.lang.String' to required type 'java.lang.Long'; For input string: "agent-001"]
2025-12-25 01:52:26 [http-nio-8080-exec-8] DEBUG org.hibernate.SQL - 
    SELECT
        a.user_id,
        a.license_id,
        a.bio,
        a.rate,
        u.full_name,
        u.phone_number,
        u.avatar_url,
        u.gender,
        acc.email,
        addr.street,
        addr.city,
        addr.province,
        addr.zip_code,
        addr.nation,
        (SELECT
            COUNT(*) 
        FROM
            agent_reviews ar 
        WHERE
            ar.agent_id = a.user_id) as review_count,
        (SELECT
            COUNT(*) 
        FROM
            sale_listings sl 
        WHERE
            sl.agent_id = a.user_id) as sale_listings_count,
        (SELECT
            COUNT(*) 
        FROM
            rental_listings rl 
        WHERE
            rl.agent_id = a.user_id) as rental_listings_count,
        a.specialties     
    FROM
        agents a     
    LEFT JOIN
        users u 
            ON a.user_id = u.user_id     
    LEFT JOIN
        accounts acc 
            ON u.user_id = acc.user_id     
    LEFT JOIN
        addresses addr 
            ON u.address_id = addr.address_id     
    ORDER BY
        a.rate DESC NULLS LAST 
2025-12-25 01:52:26 [http-nio-8080-exec-8] WARN  o.h.e.jdbc.spi.SqlExceptionHelper - SQL Error: 0, SQLState: 42703
2025-12-25 01:52:26 [http-nio-8080-exec-8] ERROR o.h.e.jdbc.spi.SqlExceptionHelper - ERROR: column rl.agent_id does not exist
  Position: 547
2025-12-25 01:53:35 [http-nio-8080-exec-9] DEBUG org.hibernate.SQL - 
    SELECT
        a.user_id,
        a.license_id,
        a.bio,
        a.rate,
        u.full_name,
        u.phone_number,
        u.avatar_url,
        u.gender,
        acc.email,
        addr.street,
        addr.city,
        addr.province,
        addr.zip_code,
        addr.nation,
        (SELECT
            COUNT(*) 
        FROM
            agent_reviews ar 
        WHERE
            ar.agent_id = a.user_id) as review_count,
        (SELECT
            COUNT(*) 
        FROM
            sale_listings sl 
        WHERE
            sl.agent_id = a.user_id) as sale_listings_count,
        (SELECT
            COUNT(*) 
        FROM
            rental_listings rl 
        WHERE
            rl.agent_id = a.user_id) as rental_listings_count,
        a.specialties     
    FROM
        agents a     
    LEFT JOIN
        users u 
            ON a.user_id = u.user_id     
    LEFT JOIN
        accounts acc 
            ON u.user_id = acc.user_id     
    LEFT JOIN
        addresses addr 
            ON u.address_id = addr.address_id     
    WHERE
        a.user_id = ? 
2025-12-25 01:53:35 [http-nio-8080-exec-9] WARN  o.h.e.jdbc.spi.SqlExceptionHelper - SQL Error: 0, SQLState: 42703
2025-12-25 01:53:35 [http-nio-8080-exec-9] ERROR o.h.e.jdbc.spi.SqlExceptionHelper - ERROR: column rl.agent_id does not exist
  Position: 547
2025-12-25 01:53:35 [http-nio-8080-exec-10] DEBUG org.hibernate.SQL - 
    SELECT
        a.user_id,
        a.license_id,
        a.bio,
        a.rate,
        u.full_name,
        u.phone_number,
        u.avatar_url,
        u.gender,
        acc.email,
        addr.street,
        addr.city,
        addr.province,
        addr.zip_code,
        addr.nation,
        (SELECT
            COUNT(*) 
        FROM
            agent_reviews ar 
        WHERE
            ar.agent_id = a.user_id) as review_count,
        (SELECT
            COUNT(*) 
        FROM
            sale_listings sl 
        WHERE
            sl.agent_id = a.user_id) as sale_listings_count,
        (SELECT
            COUNT(*) 
        FROM
            rental_listings rl 
        WHERE
            rl.agent_id = a.user_id) as rental_listings_count,
        a.specialties     
    FROM
        agents a     
    LEFT JOIN
        users u 
            ON a.user_id = u.user_id     
    LEFT JOIN
        accounts acc 
            ON u.user_id = acc.user_id     
    LEFT JOIN
        addresses addr 
            ON u.address_id = addr.address_id     
    ORDER BY
        a.rate DESC NULLS LAST 
2025-12-25 01:53:35 [http-nio-8080-exec-10] WARN  o.h.e.jdbc.spi.SqlExceptionHelper - SQL Error: 0, SQLState: 42703
2025-12-25 01:53:35 [http-nio-8080-exec-10] ERROR o.h.e.jdbc.spi.SqlExceptionHelper - ERROR: column rl.agent_id does not exist
  Position: 547
2025-12-25 01:53:58 [http-nio-8080-exec-1] DEBUG org.hibernate.SQL - 
    SELECT
        a.user_id,
        a.license_id,
        a.bio,
        a.rate,
        u.full_name,
        u.phone_number,
        u.avatar_url,
        u.gender,
        acc.email,
        addr.street,
        addr.city,
        addr.province,
        addr.zip_code,
        addr.nation,
        (SELECT
            COUNT(*) 
        FROM
            agent_reviews ar 
        WHERE
            ar.agent_id = a.user_id) as review_count,
        (SELECT
            COUNT(*) 
        FROM
            sale_listings sl 
        WHERE
            sl.agent_id = a.user_id) as sale_listings_count,
        (SELECT
            COUNT(*) 
        FROM
            rental_listings rl 
        WHERE
            rl.agent_id = a.user_id) as rental_listings_count,
        a.specialties     
    FROM
        agents a     
    LEFT JOIN
        users u 
            ON a.user_id = u.user_id     
    LEFT JOIN
        accounts acc 
            ON u.user_id = acc.user_id     
    LEFT JOIN
        addresses addr 
            ON u.address_id = addr.address_id     
    WHERE
        a.user_id = ? 
2025-12-25 01:53:58 [http-nio-8080-exec-1] WARN  o.h.e.jdbc.spi.SqlExceptionHelper - SQL Error: 0, SQLState: 42703
2025-12-25 01:53:58 [http-nio-8080-exec-1] ERROR o.h.e.jdbc.spi.SqlExceptionHelper - ERROR: column rl.agent_id does not exist
  Position: 547
2025-12-25 01:53:58 [http-nio-8080-exec-2] DEBUG org.hibernate.SQL - 
    SELECT
        a.user_id,
        a.license_id,
        a.bio,
        a.rate,
        u.full_name,
        u.phone_number,
        u.avatar_url,
        u.gender,
        acc.email,
        addr.street,
        addr.city,
        addr.province,
        addr.zip_code,
        addr.nation,
        (SELECT
            COUNT(*) 
        FROM
            agent_reviews ar 
        WHERE
            ar.agent_id = a.user_id) as review_count,
        (SELECT
            COUNT(*) 
        FROM
            sale_listings sl 
        WHERE
            sl.agent_id = a.user_id) as sale_listings_count,
        (SELECT
            COUNT(*) 
        FROM
            rental_listings rl 
        WHERE
            rl.agent_id = a.user_id) as rental_listings_count,
        a.specialties     
    FROM
        agents a     
    LEFT JOIN
        users u 
            ON a.user_id = u.user_id     
    LEFT JOIN
        accounts acc 
            ON u.user_id = acc.user_id     
    LEFT JOIN
        addresses addr 
            ON u.address_id = addr.address_id     
    WHERE
        a.user_id = ? 
2025-12-25 01:53:58 [http-nio-8080-exec-2] WARN  o.h.e.jdbc.spi.SqlExceptionHelper - SQL Error: 0, SQLState: 42703
2025-12-25 01:53:58 [http-nio-8080-exec-2] ERROR o.h.e.jdbc.spi.SqlExceptionHelper - ERROR: column rl.agent_id does not exist
  Position: 547
2025-12-25 02:09:35 [SpringApplicationShutdownHook] INFO  o.s.o.j.LocalContainerEntityManagerFactoryBean - Closing JPA EntityManagerFactory for persistence unit 'default'
2025-12-25 02:09:35 [SpringApplicationShutdownHook] INFO  com.zaxxer.hikari.HikariDataSource - HikariPool-1 - Shutdown initiated...
2025-12-25 02:09:35 [SpringApplicationShutdownHook] INFO  com.zaxxer.hikari.HikariDataSource - HikariPool-1 - Shutdown completed.
